[     718ms] [ERROR] Error loading translation file: /assets/translations/locale/en/translation.json?c=c859 @ https://app.humand.co/assets/index-CfiYEf73.js:17
[    2417ms] [INFO] %cDownload the React DevTools for a better development experience: https://reactjs.org/link/react-devtools font-weight:bold @ https://app.humand.co/assets/index-CfiYEf73.js:17
[    3457ms] [INFO] voiceflow webchat 2.161.0 @ https://app.humand.co/assets/index-CfiYEf73.js:17
[   58272ms] [ERROR] Failed to load resource: net::ERR_NETWORK_CHANGED @ https://b.clarity.ms/collect:0
[  135021ms] [ERROR] WebSocket connection to 'wss://sockets-service-prod.humand.co/socket.io/?EIO=4&transport=websocket' failed: Error in connection establishment: net::ERR_NAME_NOT_RESOLVED @ https://app.humand.co/assets/index-CfiYEf73.js:398
[  135161ms] [ERROR] Failed to load resource: net::ERR_NAME_NOT_RESOLVED @ https://b.clarity.ms/collect:0
[  138216ms] [ERROR] Failed to load resource: net::ERR_NAME_NOT_RESOLVED @ https://b.clarity.ms/collect:0
[  138216ms] [ERROR] Failed to load resource: net::ERR_NAME_NOT_RESOLVED @ https://b.clarity.ms/collect:0
[  138387ms] [ERROR] WebSocket connection to 'wss://sockets-service-prod.humand.co/socket.io/?EIO=4&transport=websocket' failed: Error in connection establishment: net::ERR_NAME_NOT_RESOLVED @ https://app.humand.co/assets/index-CfiYEf73.js:398
[  138991ms] [ERROR] Failed to load resource: net::ERR_NAME_NOT_RESOLVED @ https://api2.amplitude.com/2/httpapi:0
[  138992ms] [ERROR] Amplitude Logger [Error]: Failed to fetch (api2.amplitude.com) @ https://app.humand.co/assets/index-CfiYEf73.js:17
[  138992ms] [ERROR] Amplitude Logger [Error]: Failed to fetch (api2.amplitude.com) @ https://app.humand.co/assets/index-CfiYEf73.js:17
[  141876ms] [ERROR] WebSocket connection to 'wss://sockets-service-prod.humand.co/socket.io/?EIO=4&transport=websocket' failed: Error in connection establishment: net::ERR_NAME_NOT_RESOLVED @ https://app.humand.co/assets/index-CfiYEf73.js:398
[  145375ms] [ERROR] WebSocket connection to 'wss://sockets-service-prod.humand.co/socket.io/?EIO=4&transport=websocket' failed: Error in connection establishment: net::ERR_NAME_NOT_RESOLVED @ https://app.humand.co/assets/index-CfiYEf73.js:398
[  148926ms] [ERROR] WebSocket connection to 'wss://sockets-service-prod.humand.co/socket.io/?EIO=4&transport=websocket' failed: Error in connection establishment: net::ERR_NAME_NOT_RESOLVED @ https://app.humand.co/assets/index-CfiYEf73.js:398
[  158490ms] [ERROR] WebSocket connection to 'wss://sockets-service-prod.humand.co/socket.io/?EIO=4&transport=websocket' failed: Error in connection establishment: net::ERR_NAME_NOT_RESOLVED @ https://app.humand.co/assets/index-CfiYEf73.js:398
[  162053ms] [ERROR] WebSocket connection to 'wss://sockets-service-prod.humand.co/socket.io/?EIO=4&transport=websocket' failed: Error in connection establishment: net::ERR_NAME_NOT_RESOLVED @ https://app.humand.co/assets/index-CfiYEf73.js:398
[  165624ms] [ERROR] WebSocket connection to 'wss://sockets-service-prod.humand.co/socket.io/?EIO=4&transport=websocket' failed: Error in connection establishment: net::ERR_NAME_NOT_RESOLVED @ https://app.humand.co/assets/index-CfiYEf73.js:398
[  169181ms] [ERROR] WebSocket connection to 'wss://sockets-service-prod.humand.co/socket.io/?EIO=4&transport=websocket' failed: Error in connection establishment: net::ERR_NAME_NOT_RESOLVED @ https://app.humand.co/assets/index-CfiYEf73.js:398
[  178753ms] [ERROR] WebSocket connection to 'wss://sockets-service-prod.humand.co/socket.io/?EIO=4&transport=websocket' failed: Error in connection establishment: net::ERR_NAME_NOT_RESOLVED @ https://app.humand.co/assets/index-CfiYEf73.js:398
[  188335ms] [ERROR] WebSocket connection to 'wss://sockets-service-prod.humand.co/socket.io/?EIO=4&transport=websocket' failed: Error in connection establishment: net::ERR_NAME_NOT_RESOLVED @ https://app.humand.co/assets/index-CfiYEf73.js:398
[  191896ms] [ERROR] WebSocket connection to 'wss://sockets-service-prod.humand.co/socket.io/?EIO=4&transport=websocket' failed: Error in connection establishment: net::ERR_NAME_NOT_RESOLVED @ https://app.humand.co/assets/index-CfiYEf73.js:398
[  195474ms] [ERROR] WebSocket connection to 'wss://sockets-service-prod.humand.co/socket.io/?EIO=4&transport=websocket' failed: Error in connection establishment: net::ERR_NAME_NOT_RESOLVED @ https://app.humand.co/assets/index-CfiYEf73.js:398
[  196560ms] [ERROR] WebSocket connection to 'wss://sockets-service-prod.humand.co/socket.io/?EIO=4&transport=websocket' failed: Error in connection establishment: net::ERR_NAME_NOT_RESOLVED @ https://app.humand.co/assets/index-CfiYEf73.js:398
[  198580ms] [ERROR] WebSocket connection to 'wss://sockets-service-prod.humand.co/socket.io/?EIO=4&transport=websocket' failed: Error in connection establishment: net::ERR_NAME_NOT_RESOLVED @ https://app.humand.co/assets/index-CfiYEf73.js:398
[  199111ms] [ERROR] WebSocket connection to 'wss://sockets-service-prod.humand.co/socket.io/?EIO=4&transport=websocket' failed: Error in connection establishment: net::ERR_NAME_NOT_RESOLVED @ https://app.humand.co/assets/index-CfiYEf73.js:398
[  199629ms] [ERROR] WebSocket connection to 'wss://sockets-service-prod.humand.co/socket.io/?EIO=4&transport=websocket' failed: Error in connection establishment: net::ERR_NAME_NOT_RESOLVED @ https://app.humand.co/assets/index-CfiYEf73.js:398
